Hello from TSN!
 